// Jest Snapshot v1, https://goo.gl/fbAQLP

exports[`<RelationsListFilter /> should render the entity details styles correct 1`] = `null`;
