// Jest Snapshot v1, https://goo.gl/fbAQLP

exports[`<Search /> should render the search styles correct 1`] = `
.c0 {
  width: min(100%,40rem);
  position: relative;
  margin-top: 3.2rem;
  margin-bottom: 4.0rem;
}

.c1 {
  width: 100%;
  display: -webkit-box;
  display: -webkit-flex;
  display: -ms-flexbox;
  display: flex;
  -webkit-flex-direction: column;
  -ms-flex-direction: column;
  flex-direction: column;
  font-size: 1.6rem;
  color: #FFF;
}

.c2 {
  display: -webkit-box;
  display: -webkit-flex;
  display: -ms-flexbox;
  display: flex;
  width: 100%;
  margin-top: 0.8rem;
}

.c3 {
  width: 100%;
  background-color: #FFF;
  padding: 1.2rem;
  color: #000;
  font-size: 1.6rem;
  border: 0;
  border-radius: 0 0.8rem 0.8rem 0;
}

.c3::-webkit-input-placeholder {
  color: #000;
}

.c3::-moz-placeholder {
  color: #000;
}

.c3:-ms-input-placeholder {
  color: #000;
}

.c3::placeholder {
  color: #000;
}

@media (min-width:768px) {
  .c0 {
    width: min(100%,54rem);
    margin-top: calc(4.0rem * 1.5);
    margin-bottom: 4.8rem;
  }
}

@media (min-width:768px) {
  .c1 {
    font-size: 2.4rem;
  }
}

@media (min-width:768px) {
  .c2 {
    margin-top: 1.2rem;
  }
}

@media (min-width:768px) {
  .c3 {
    padding: 2.4rem;
    font-size: 2.4rem;
  }
}

<form
  aria-label="form"
  class="c0"
>
  <label
    class="c1"
    for="search"
  >
    Explore by
    <div
      class="c2"
    >
      <div
        data-testid="search select"
      />
      <input
        class="c3"
        id="search"
        placeholder="Ex: Luke"
      />
    </div>
  </label>
</form>
`;
