// Jest Snapshot v1, https://goo.gl/fbAQLP

exports[`<EntityInfo /> should render the entity info styles correct 1`] = `
.c0 {
  width: 100%;
  display: -webkit-box;
  display: -webkit-flex;
  display: -ms-flexbox;
  display: flex;
  -webkit-flex-direction: column;
  -ms-flex-direction: column;
  flex-direction: column;
  -webkit-align-items: center;
  -webkit-box-align: center;
  -ms-flex-align: center;
  align-items: center;
  gap: 4.0rem;
}

.c1 {
  font-size: calc(1.6rem * 2);
  width: 100%;
  text-align: center;
}

<div
  class="c0"
>
  <div
    data-testid="entity details"
  />
  <h2
    class="c1"
  >
    Associated
  </h2>
  <div
    data-testid="relations list"
  />
</div>
`;
