// Jest Snapshot v1, https://goo.gl/fbAQLP

exports[`components/container <Background /> should render the background styles correct 1`] = `
.c0 {
  width: 100%;
  height: 100%;
  background: url(http://www.script-tutorials.com/demos/360/images/stars.png) top center fixed #000;
}

<div
  class="c0"
/>
`;
