// Jest Snapshot v1, https://goo.gl/fbAQLP

exports[`components/container <Gap /> should render the gap styles correct 1`] = `
.c0 {
  width: 100%;
  padding-inline: calc(2.4rem / 2);
}

@media (min-width:450px) {
  .c0 {
    padding-inline: 2.4rem;
  }
}

<div
  class="c0"
/>
`;
