// Jest Snapshot v1, https://goo.gl/fbAQLP

exports[`<Image /> should render the image styles correct 1`] = `
<img
  alt="any text"
  layout="fill"
  src="https://raw.githubusercontent.com/tbone849/star-wars-guide/master/build/assets/img/characters/2.jpg"
  style="position: absolute; inset: 0px; box-sizing: border-box; padding: 0px; margin: auto; display: block; width: 0px; height: 0px; min-width: 100%; max-width: 100%; min-height: 100%; max-height: 100%; object-fit: cover;"
/>
`;
